Category: 📺央视频道, Name: CCTV-1, Total: 18, Valid: 17, Valid Percent: 94.44%, Whitelist: 0, IPv4: 18, IPv6: 0, Min Delay: 5055 ms, Max Speed: 0.49 M/s, Avg Speed: 0.09 M/s, Max Resolution: 1920x1080
Category: 📺央视频道, Name: CCTV-3, Total: 21, Valid: 19, Valid Percent: 90.48%, Whitelist: 0, IPv4: 21, IPv6: 0, Min Delay: 1293 ms, Max Speed: 4.06 M/s, Avg Speed: 0.71 M/s, Max Resolution: 1920x1080
Category: 📺央视频道, Name: CCTV-2, Total: 23, Valid: 21, Valid Percent: 91.30%, Whitelist: 0, IPv4: 23, IPv6: 0, Min Delay: 344 ms, Max Speed: 3.39 M/s, Avg Speed: 0.54 M/s, Max Resolution: 1920x1080
Category: 📺央视频道, Name: CCTV-5, Total: 26, Valid: 25, Valid Percent: 96.15%, Whitelist: 0, IPv4: 26, IPv6: 0, Min Delay: 417 ms, Max Speed: 6.29 M/s, Avg Speed: 0.42 M/s, Max Resolution: 1920x1080
Category: 📺央视频道, Name: CCTV-4, Total: 21, Valid: 14, Valid Percent: 66.67%, Whitelist: 0, IPv4: 21, IPv6: 0, Min Delay: 925 ms, Max Speed: 4.58 M/s, Avg Speed: 0.50 M/s, Max Resolution: 1920x1080
Category: 📺央视频道, Name: CCTV-6, Total: 22, Valid: 21, Valid Percent: 95.45%, Whitelist: 0, IPv4: 22, IPv6: 0, Min Delay: 923 ms, Max Speed: 2.29 M/s, Avg Speed: 0.40 M/s, Max Resolution: 1920x1080
Category: 📺央视频道, Name: CCTV-7, Total: 17, Valid: 15, Valid Percent: 88.24%, Whitelist: 0, IPv4: 17, IPv6: 0, Min Delay: 3082 ms, Max Speed: 1.60 M/s, Avg Speed: 0.30 M/s, Max Resolution: 1920x1080
Category: 📺央视频道, Name: CCTV-8, Total: 23, Valid: 22, Valid Percent: 95.65%, Whitelist: 0, IPv4: 23, IPv6: 0, Min Delay: 336 ms, Max Speed: 2.52 M/s, Avg Speed: 0.42 M/s, Max Resolution: 1920x1080
Category: 📺央视频道, Name: CCTV-9, Total: 23, Valid: 20, Valid Percent: 86.96%, Whitelist: 0, IPv4: 23, IPv6: 0, Min Delay: 673 ms, Max Speed: 0.16 M/s, Avg Speed: 0.05 M/s, Max Resolution: 1920x1080
Category: 📺央视频道, Name: CCTV-10, Total: 19, Valid: 18, Valid Percent: 94.74%, Whitelist: 0, IPv4: 19, IPv6: 0, Min Delay: 1880 ms, Max Speed: 0.42 M/s, Avg Speed: 0.11 M/s, Max Resolution: 1920x1080
Category: 📺央视频道, Name: CCTV-12, Total: 18, Valid: 17, Valid Percent: 94.44%, Whitelist: 0, IPv4: 18, IPv6: 0, Min Delay: 763 ms, Max Speed: 5.96 M/s, Avg Speed: 0.44 M/s, Max Resolution: 1920x1080
Category: 📺央视频道, Name: CCTV-11, Total: 17, Valid: 15, Valid Percent: 88.24%, Whitelist: 0, IPv4: 17, IPv6: 0, Min Delay: 1079 ms, Max Speed: 5.07 M/s, Avg Speed: 0.56 M/s, Max Resolution: 1920x1080
Category: 📺央视频道, Name: CCTV-13, Total: 21, Valid: 19, Valid Percent: 90.48%, Whitelist: 0, IPv4: 21, IPv6: 0, Min Delay: 647 ms, Max Speed: 5.64 M/s, Avg Speed: 0.35 M/s, Max Resolution: 1920x1080
Category: 📺央视频道, Name: CETV2, Total: 1, Valid: 0, Valid Percent: 0.00%, Whitelist: 0, IPv4: 1, IPv6: 0, Min Delay: -1 ms, Max Speed: 0.00 M/s, Avg Speed: 0.00 M/s, Max Resolution: None
Category: 📺央视频道, Name: CETV4, Total: 1, Valid: 0, Valid Percent: 0.00%, Whitelist: 0, IPv4: 1, IPv6: 0, Min Delay: -1 ms, Max Speed: 0.00 M/s, Avg Speed: 0.00 M/s, Max Resolution: None
Category: 📺央视频道, Name: CCTV-14, Total: 24, Valid: 22, Valid Percent: 91.67%, Whitelist: 0, IPv4: 24, IPv6: 0, Min Delay: 422 ms, Max Speed: 2.56 M/s, Avg Speed: 0.18 M/s, Max Resolution: 1920x1080
Category: 📺央视频道, Name: CETV1, Total: 7, Valid: 5, Valid Percent: 71.43%, Whitelist: 0, IPv4: 7, IPv6: 0, Min Delay: 791 ms, Max Speed: 6.72 M/s, Avg Speed: 1.87 M/s, Max Resolution: 1920x1080
Category: 📺央视频道, Name: CCTV-15, Total: 17, Valid: 15, Valid Percent: 88.24%, Whitelist: 0, IPv4: 17, IPv6: 0, Min Delay: 436 ms, Max Speed: 6.96 M/s, Avg Speed: 0.81 M/s, Max Resolution: 1920x1080
Category: 📺央视频道, Name: CCTV-16, Total: 10, Valid: 10, Valid Percent: 100.00%, Whitelist: 0, IPv4: 10, IPv6: 0, Min Delay: 589 ms, Max Speed: 7.50 M/s, Avg Speed: 1.13 M/s, Max Resolution: 1920x1080
Category: 📺央视频道, Name: CCTV-17, Total: 8, Valid: 6, Valid Percent: 75.00%, Whitelist: 0, IPv4: 8, IPv6: 0, Min Delay: 4001 ms, Max Speed: 1.17 M/s, Avg Speed: 0.42 M/s, Max Resolution: 1920x1080
Category: 📺央视频道, Name: CCTV-5+, Total: 9, Valid: 7, Valid Percent: 77.78%, Whitelist: 0, IPv4: 9, IPv6: 0, Min Delay: 5042 ms, Max Speed: 0.31 M/s, Avg Speed: 0.10 M/s, Max Resolution: 1920x1080
Category: 📡卫视频道, Name: 广东卫视, Total: 18, Valid: 17, Valid Percent: 94.44%, Whitelist: 0, IPv4: 18, IPv6: 0, Min Delay: 5010 ms, Max Speed: 0.22 M/s, Avg Speed: 0.09 M/s, Max Resolution: 1920x1080
Category: 📡卫视频道, Name: 浙江卫视, Total: 16, Valid: 16, Valid Percent: 100.00%, Whitelist: 0, IPv4: 16, IPv6: 0, Min Delay: 5077 ms, Max Speed: 0.19 M/s, Avg Speed: 0.05 M/s, Max Resolution: 1920x1080
Category: 📡卫视频道, Name: 湖南卫视, Total: 18, Valid: 18, Valid Percent: 100.00%, Whitelist: 0, IPv4: 18, IPv6: 0, Min Delay: 5038 ms, Max Speed: 0.29 M/s, Avg Speed: 0.07 M/s, Max Resolution: 1920x1080
Category: 📡卫视频道, Name: 北京卫视, Total: 13, Valid: 12, Valid Percent: 92.31%, Whitelist: 0, IPv4: 13, IPv6: 0, Min Delay: 5031 ms, Max Speed: 0.08 M/s, Avg Speed: 0.04 M/s, Max Resolution: 1920x1080
Category: 📡卫视频道, Name: 湖北卫视, Total: 17, Valid: 16, Valid Percent: 94.12%, Whitelist: 0, IPv4: 17, IPv6: 0, Min Delay: 5029 ms, Max Speed: 0.16 M/s, Avg Speed: 0.06 M/s, Max Resolution: 1920x1080
Category: 📡卫视频道, Name: 黑龙江卫视, Total: 18, Valid: 16, Valid Percent: 88.89%, Whitelist: 0, IPv4: 18, IPv6: 0, Min Delay: 5032 ms, Max Speed: 0.23 M/s, Avg Speed: 0.07 M/s, Max Resolution: 1920x1080
Category: 📡卫视频道, Name: 安徽卫视, Total: 14, Valid: 14, Valid Percent: 100.00%, Whitelist: 0, IPv4: 14, IPv6: 0, Min Delay: 1082 ms, Max Speed: 5.75 M/s, Avg Speed: 0.48 M/s, Max Resolution: 1920x1080
Category: 📡卫视频道, Name: 重庆卫视, Total: 11, Valid: 9, Valid Percent: 81.82%, Whitelist: 0, IPv4: 11, IPv6: 0, Min Delay: 5104 ms, Max Speed: 0.18 M/s, Avg Speed: 0.05 M/s, Max Resolution: 1920x1080
Category: 📡卫视频道, Name: 东方卫视, Total: 20, Valid: 18, Valid Percent: 90.00%, Whitelist: 0, IPv4: 20, IPv6: 0, Min Delay: 5016 ms, Max Speed: 0.21 M/s, Avg Speed: 0.06 M/s, Max Resolution: 1920x1080
Category: 📡卫视频道, Name: 海南卫视, Total: 2, Valid: 0, Valid Percent: 0.00%, Whitelist: 0, IPv4: 2, IPv6: 0, Min Delay: -1 ms, Max Speed: 0.00 M/s, Avg Speed: 0.00 M/s, Max Resolution: None
Category: 📡卫视频道, Name: 甘肃卫视, Total: 3, Valid: 2, Valid Percent: 66.67%, Whitelist: 0, IPv4: 3, IPv6: 0, Min Delay: 5126 ms, Max Speed: 0.10 M/s, Avg Speed: 0.06 M/s, Max Resolution: 1920x1080
Category: 📡卫视频道, Name: 东南卫视, Total: 16, Valid: 15, Valid Percent: 93.75%, Whitelist: 0, IPv4: 16, IPv6: 0, Min Delay: 1349 ms, Max Speed: 3.42 M/s, Avg Speed: 0.32 M/s, Max Resolution: 1920x1080
Category: 📡卫视频道, Name: 广西卫视, Total: 8, Valid: 8, Valid Percent: 100.00%, Whitelist: 0, IPv4: 8, IPv6: 0, Min Delay: 5070 ms, Max Speed: 0.19 M/s, Avg Speed: 0.06 M/s, Max Resolution: 1920x1080
Category: 📡卫视频道, Name: 贵州卫视, Total: 15, Valid: 14, Valid Percent: 93.33%, Whitelist: 0, IPv4: 15, IPv6: 0, Min Delay: 5057 ms, Max Speed: 0.56 M/s, Avg Speed: 0.14 M/s, Max Resolution: 1920x1080
Category: 📡卫视频道, Name: 河北卫视, Total: 15, Valid: 13, Valid Percent: 86.67%, Whitelist: 0, IPv4: 15, IPv6: 0, Min Delay: 5177 ms, Max Speed: 0.22 M/s, Avg Speed: 0.07 M/s, Max Resolution: 1920x1080
Category: 📡卫视频道, Name: 青海卫视, Total: 2, Valid: 0, Valid Percent: 0.00%, Whitelist: 0, IPv4: 2, IPv6: 0, Min Delay: -1 ms, Max Speed: 0.00 M/s, Avg Speed: 0.00 M/s, Max Resolution: None
Category: 📡卫视频道, Name: 河南卫视, Total: 8, Valid: 6, Valid Percent: 75.00%, Whitelist: 0, IPv4: 8, IPv6: 0, Min Delay: 1484 ms, Max Speed: 2.83 M/s, Avg Speed: 0.51 M/s, Max Resolution: 1920x1080
Category: 📡卫视频道, Name: 吉林卫视, Total: 9, Valid: 7, Valid Percent: 77.78%, Whitelist: 0, IPv4: 9, IPv6: 0, Min Delay: 5009 ms, Max Speed: 0.29 M/s, Avg Speed: 0.05 M/s, Max Resolution: 1920x1080
Category: 📡卫视频道, Name: 陕西卫视, Total: 1, Valid: 0, Valid Percent: 0.00%, Whitelist: 0, IPv4: 1, IPv6: 0, Min Delay: -1 ms, Max Speed: 0.00 M/s, Avg Speed: 0.00 M/s, Max Resolution: None
Category: 📡卫视频道, Name: 山西卫视, Total: 1, Valid: 0, Valid Percent: 0.00%, Whitelist: 0, IPv4: 1, IPv6: 0, Min Delay: -1 ms, Max Speed: 0.00 M/s, Avg Speed: 0.00 M/s, Max Resolution: None
Category: 📡卫视频道, Name: 江苏卫视, Total: 18, Valid: 17, Valid Percent: 94.44%, Whitelist: 0, IPv4: 18, IPv6: 0, Min Delay: 532 ms, Max Speed: 9.40 M/s, Avg Speed: 1.12 M/s, Max Resolution: 1920x1080
Category: 📡卫视频道, Name: 三沙卫视, Total: 1, Valid: 0, Valid Percent: 0.00%, Whitelist: 0, IPv4: 1, IPv6: 0, Min Delay: -1 ms, Max Speed: 0.00 M/s, Avg Speed: 0.00 M/s, Max Resolution: None
Category: 📡卫视频道, Name: 江西卫视, Total: 8, Valid: 7, Valid Percent: 87.50%, Whitelist: 0, IPv4: 8, IPv6: 0, Min Delay: 5123 ms, Max Speed: 0.22 M/s, Avg Speed: 0.06 M/s, Max Resolution: 1920x1080
Category: 📡卫视频道, Name: 内蒙古卫视, Total: 2, Valid: 2, Valid Percent: 100.00%, Whitelist: 0, IPv4: 2, IPv6: 0, Min Delay: 2492 ms, Max Speed: 0.88 M/s, Avg Speed: 0.44 M/s, Max Resolution: 1920x1080
Category: 📡卫视频道, Name: 辽宁卫视, Total: 12, Valid: 10, Valid Percent: 83.33%, Whitelist: 0, IPv4: 12, IPv6: 0, Min Delay: 5055 ms, Max Speed: 0.28 M/s, Avg Speed: 0.06 M/s, Max Resolution: 1920x1080
Category: 📡卫视频道, Name: 宁夏卫视, Total: 4, Valid: 3, Valid Percent: 75.00%, Whitelist: 0, IPv4: 4, IPv6: 0, Min Delay: 5012 ms, Max Speed: 0.09 M/s, Avg Speed: 0.06 M/s, Max Resolution: 1920x1080
Category: 📡卫视频道, Name: 山东卫视, Total: 11, Valid: 10, Valid Percent: 90.91%, Whitelist: 0, IPv4: 11, IPv6: 0, Min Delay: 5014 ms, Max Speed: 0.41 M/s, Avg Speed: 0.09 M/s, Max Resolution: 1920x1080
Category: 🎬电影频道, Name: 经典电影, Total: 1, Valid: 1, Valid Percent: 100.00%, Whitelist: 0, IPv4: 1, IPv6: 0, Min Delay: 1269 ms, Max Speed: 0.36 M/s, Avg Speed: 0.36 M/s, Max Resolution: 1280x720
Category: 🪁动画频道, Name: 优漫卡通, Total: 1, Valid: 0, Valid Percent: 0.00%, Whitelist: 0, IPv4: 1, IPv6: 0, Min Delay: -1 ms, Max Speed: 0.00 M/s, Avg Speed: 0.00 M/s, Max Resolution: None
Category: 🏀体育频道, Name: 五星体育, Total: 1, Valid: 1, Valid Percent: 100.00%, Whitelist: 0, IPv4: 1, IPv6: 0, Min Delay: 1057 ms, Max Speed: 4.48 M/s, Avg Speed: 4.48 M/s, Max Resolution: 1920x1080
Category: 📡卫视频道, Name: 西藏卫视, Total: 2, Valid: 2, Valid Percent: 100.00%, Whitelist: 0, IPv4: 2, IPv6: 0, Min Delay: 477 ms, Max Speed: 8.59 M/s, Avg Speed: 4.33 M/s, Max Resolution: 1920x1080
Category: 📡卫视频道, Name: 四川卫视, Total: 8, Valid: 7, Valid Percent: 87.50%, Whitelist: 0, IPv4: 8, IPv6: 0, Min Delay: 5054 ms, Max Speed: 0.28 M/s, Avg Speed: 0.06 M/s, Max Resolution: 1920x1080
Category: 📡卫视频道, Name: 新疆卫视, Total: 1, Valid: 1, Valid Percent: 100.00%, Whitelist: 0, IPv4: 1, IPv6: 0, Min Delay: 5593 ms, Max Speed: 0.04 M/s, Avg Speed: 0.04 M/s, Max Resolution: 1920x1080
Category: 🎬电影频道, Name: CHC动作电影, Total: 1, Valid: 1, Valid Percent: 100.00%, Whitelist: 0, IPv4: 1, IPv6: 0, Min Delay: 5124 ms, Max Speed: 0.27 M/s, Avg Speed: 0.27 M/s, Max Resolution: 1920x1080
Category: 📡卫视频道, Name: 深圳卫视, Total: 16, Valid: 16, Valid Percent: 100.00%, Whitelist: 0, IPv4: 16, IPv6: 0, Min Delay: 821 ms, Max Speed: 6.35 M/s, Avg Speed: 0.51 M/s, Max Resolution: 1920x1080
Category: 🏀体育频道, Name: 广东体育, Total: 4, Valid: 4, Valid Percent: 100.00%, Whitelist: 0, IPv4: 4, IPv6: 0, Min Delay: 5133 ms, Max Speed: 0.52 M/s, Avg Speed: 0.20 M/s, Max Resolution: 1920x1080
Category: 🎬电影频道, Name: CHC家庭影院, Total: 3, Valid: 2, Valid Percent: 66.67%, Whitelist: 0, IPv4: 3, IPv6: 0, Min Delay: 632 ms, Max Speed: 3.60 M/s, Avg Speed: 1.81 M/s, Max Resolution: 1280x720
Category: 📡卫视频道, Name: 天津卫视, Total: 10, Valid: 9, Valid Percent: 90.00%, Whitelist: 0, IPv4: 10, IPv6: 0, Min Delay: 5011 ms, Max Speed: 0.31 M/s, Avg Speed: 0.10 M/s, Max Resolution: 1920x1080
Category: 🪁动画频道, Name: 动漫秀场, Total: 1, Valid: 1, Valid Percent: 100.00%, Whitelist: 0, IPv4: 1, IPv6: 0, Min Delay: 5114 ms, Max Speed: 0.01 M/s, Avg Speed: 0.01 M/s, Max Resolution: None
Category: 🪁动画频道, Name: 金鹰卡通, Total: 3, Valid: 3, Valid Percent: 100.00%, Whitelist: 0, IPv4: 3, IPv6: 0, Min Delay: 5018 ms, Max Speed: 0.03 M/s, Avg Speed: 0.01 M/s, Max Resolution: 1920x1080
Category: 📡卫视频道, Name: 云南卫视, Total: 5, Valid: 5, Valid Percent: 100.00%, Whitelist: 0, IPv4: 5, IPv6: 0, Min Delay: 5010 ms, Max Speed: 0.06 M/s, Avg Speed: 0.03 M/s, Max Resolution: 1920x1080
